// Vitest Snapshot v1, https://vitest.dev/guide/snapshot.html

exports[`nation gold per minute > world map, impossible nations, 20 minutes 1`] = `
{
  "aliveNations": 36,
  "perMinute": [
    {
      "cities": 0,
      "factories": 0,
      "minute": 1,
      "ports": 0,
      "shipsArrived": 0,
      "tradeGold": 0,
      "tradeShipsAtSea": 0,
      "trainGold": 0,
      "trainStops": 0,
      "trainsRunning": 0,
    },
    {
      "cities": 1,
      "factories": 0,
      "minute": 2,
      "ports": 0,
      "shipsArrived": 0,
      "tradeGold": 0,
      "tradeShipsAtSea": 0,
      "trainGold": 0,
      "trainStops": 0,
      "trainsRunning": 0,
    },
    {
      "cities": 60,
      "factories": 0,
      "minute": 3,
      "ports": 1,
      "shipsArrived": 0,
      "tradeGold": 0,
      "tradeShipsAtSea": 0,
      "trainGold": 0,
      "trainStops": 0,
      "trainsRunning": 0,
    },
    {
      "cities": 60,
      "factories": 0,
      "minute": 4,
      "ports": 2,
      "shipsArrived": 0,
      "tradeGold": 0,
      "tradeShipsAtSea": 4,
      "trainGold": 0,
      "trainStops": 0,
      "trainsRunning": 0,
    },
    {
      "cities": 61,
      "factories": 0,
      "minute": 5,
      "ports": 7,
      "shipsArrived": 1,
      "tradeGold": 14420,
      "tradeShipsAtSea": 27,
      "trainGold": 0,
      "trainStops": 0,
      "trainsRunning": 0,
    },
    {
      "cities": 63,
      "factories": 0,
      "minute": 6,
      "ports": 10,
      "shipsArrived": 8,
      "tradeGold": 711500,
      "tradeShipsAtSea": 60,
      "trainGold": 0,
      "trainStops": 0,
      "trainsRunning": 0,
    },
    {
      "cities": 66,
      "factories": 2,
      "minute": 7,
      "ports": 15,
      "shipsArrived": 27,
      "tradeGold": 4270000,
      "tradeShipsAtSea": 98,
      "trainGold": 170000,
      "trainStops": 5,
      "trainsRunning": 7,
    },
    {
      "cities": 71,
      "factories": 3,
      "minute": 8,
      "ports": 22,
      "shipsArrived": 36,
      "tradeGold": 9431000,
      "tradeShipsAtSea": 126,
      "trainGold": 530000,
      "trainStops": 13,
      "trainsRunning": 7,
    },
    {
      "cities": 75,
      "factories": 3,
      "minute": 9,
      "ports": 24,
      "shipsArrived": 57,
      "tradeGold": 15840000,
      "tradeShipsAtSea": 152,
      "trainGold": 380000,
      "trainStops": 14,
      "trainsRunning": 14,
    },
    {
      "cities": 84,
      "factories": 7,
      "minute": 10,
      "ports": 29,
      "shipsArrived": 49,
      "tradeGold": 12840000,
      "tradeShipsAtSea": 189,
      "trainGold": 480000,
      "trainStops": 14,
      "trainsRunning": 7,
    },
    {
      "cities": 91,
      "factories": 9,
      "minute": 11,
      "ports": 39,
      "shipsArrived": 89,
      "tradeGold": 22510000,
      "tradeShipsAtSea": 194,
      "trainGold": 1220000,
      "trainStops": 36,
      "trainsRunning": 28,
    },
    {
      "cities": 93,
      "factories": 9,
      "minute": 12,
      "ports": 40,
      "shipsArrived": 107,
      "tradeGold": 25540000,
      "tradeShipsAtSea": 232,
      "trainGold": 2750000,
      "trainStops": 69,
      "trainsRunning": 35,
    },
    {
      "cities": 103,
      "factories": 11,
      "minute": 13,
      "ports": 50,
      "shipsArrived": 137,
      "tradeGold": 32440000,
      "tradeShipsAtSea": 257,
      "trainGold": 3270000,
      "trainStops": 83,
      "trainsRunning": 49,
    },
    {
      "cities": 101,
      "factories": 12,
      "minute": 14,
      "ports": 48,
      "shipsArrived": 123,
      "tradeGold": 29860000,
      "tradeShipsAtSea": 277,
      "trainGold": 2820000,
      "trainStops": 76,
      "trainsRunning": 42,
    },
    {
      "cities": 110,
      "factories": 13,
      "minute": 15,
      "ports": 55,
      "shipsArrived": 144,
      "tradeGold": 35610000,
      "tradeShipsAtSea": 304,
      "trainGold": 3010000,
      "trainStops": 83,
      "trainsRunning": 42,
    },
    {
      "cities": 110,
      "factories": 12,
      "minute": 16,
      "ports": 55,
      "shipsArrived": 148,
      "tradeGold": 37360000,
      "tradeShipsAtSea": 340,
      "trainGold": 3480000,
      "trainStops": 82,
      "trainsRunning": 21,
    },
    {
      "cities": 114,
      "factories": 13,
      "minute": 17,
      "ports": 60,
      "shipsArrived": 193,
      "tradeGold": 45990000,
      "tradeShipsAtSea": 342,
      "trainGold": 3450000,
      "trainStops": 83,
      "trainsRunning": 77,
    },
    {
      "cities": 112,
      "factories": 12,
      "minute": 18,
      "ports": 57,
      "shipsArrived": 189,
      "tradeGold": 49080000,
      "tradeShipsAtSea": 288,
      "trainGold": 3820000,
      "trainStops": 122,
      "trainsRunning": 14,
    },
    {
      "cities": 112,
      "factories": 14,
      "minute": 19,
      "ports": 60,
      "shipsArrived": 169,
      "tradeGold": 38420000,
      "tradeShipsAtSea": 334,
      "trainGold": 3730000,
      "trainStops": 103,
      "trainsRunning": 35,
    },
    {
      "cities": 108,
      "factories": 15,
      "minute": 20,
      "ports": 60,
      "shipsArrived": 200,
      "tradeGold": 47030000,
      "tradeShipsAtSea": 341,
      "trainGold": 3880000,
      "trainStops": 102,
      "trainsRunning": 56,
    },
  ],
  "totals": {
    "shipsArrived": 1677,
    "tradeGold": 407000000,
    "trainGold": 32990000,
    "trainStops": 885,
  },
}
`;
